Command line invocation:
    /Applications/Xcode.app/Contents/Developer/usr/bin/xcodebuild build -scheme LocalAI -destination "platform=iOS Simulator,name=iPhone 16 Pro"

Resolve Package Graph


Resolved source packages:
  swift-numerics: https://github.com/apple/swift-numerics @ 1.1.1
  swift-nio: https://github.com/apple/swift-nio.git @ 2.98.0
  cmark-gfm: https://github.com/swiftlang/swift-cmark @ 0.7.1
  swift-asn1: https://github.com/apple/swift-asn1.git @ 1.7.0
  swift-markdown-ui: https://github.com/gonzalezreal/swift-markdown-ui @ 2.4.1
  LocalAIKit: /Users/tudor/Documents/LocalAI copy/Packages/LocalAIKit @ local
  swift-atomics: https://github.com/apple/swift-atomics.git @ 1.3.0
  swift-collections: https://github.com/apple/swift-collections.git @ 1.4.1
  MLXUtilsLibrary: https://github.com/mlalma/MLXUtilsLibrary.git @ 0.0.7
  swift-huggingface: https://github.com/huggingface/swift-huggingface.git @ 0.9.0
  NetworkImage: https://github.com/gonzalezreal/NetworkImage @ 6.0.1
  mlx-swift-lm: https://github.com/ml-explore/mlx-swift-lm @ 3.31.3
  swift-system: https://github.com/apple/swift-system.git @ 1.6.4
  EventSource: https://github.com/mattt/EventSource.git @ 1.4.1
  swift-crypto: https://github.com/apple/swift-crypto.git @ 4.4.0
  swift-transformers: https://github.com/huggingface/swift-transformers.git @ 1.3.0
  SwiftUI-Shimmer: https://github.com/markiv/SwiftUI-Shimmer.git @ 1.5.1
  yyjson: https://github.com/ibireme/yyjson.git @ 0.12.0
  swift-syntax: https://github.com/swiftlang/swift-syntax.git @ 600.0.1
  Jinja: https://github.com/huggingface/swift-jinja.git @ 2.3.5
  ZIPFoundation: https://github.com/weichsel/ZIPFoundation.git @ 0.9.20
  mlx-swift: https://github.com/ml-explore/mlx-swift @ 0.31.3

2026-04-27 13:02:28.265 xcodebuild[27248:5545882] Writing error result bundle to /var/folders/pg/p239ykv9603bjj_7_y94zmqw0000gn/T/ResultBundle_2026-27-04_13-02-0028.xcresult
xcodebuild: error: Unable to find a device matching the provided destination specifier:
		{ platform:iOS Simulator, OS:latest, name:iPhone 16 Pro }

	The requested device could not be found because no available devices matched the request.

	Available destinations for the "LocalAI" scheme:
		{ platform:macOS, arch:arm64, variant:Designed for [iPad,iPhone], id:00008103-0013599C3633001E, name:My Mac }
		{ platform:iOS, arch:arm64, id:00008110-0016502E3E61401E, name:Teo’s iPhone (2) }
		{ platform:iOS, id:dvtdevice-DVTiPhonePlaceholder-iphoneos:placeholder, name:Any iOS Device }
		{ platform:iOS Simulator, id:dvtdevice-DVTiOSDeviceSimulatorPlaceholder-iphonesimulator:placeholder, name:Any iOS Simulator Device }
		{ platform:iOS Simulator, arch:arm64, id:E6AFEF4D-8B4D-4800-BE51-FD211AF9EF53, OS:26.4.1, name:iPad (A16) }
		{ platform:iOS Simulator, arch:arm64, id:4C62FC2F-CD34-4C55-A9FA-97F0E7A683B7, OS:26.4.1, name:iPad Air 11-inch (M4) }
		{ platform:iOS Simulator, arch:arm64, id:BAC9C9A5-138A-49B5-A0A1-7F2C592CB1D8, OS:26.4.1, name:iPad Air 13-inch (M4) }
		{ platform:iOS Simulator, arch:arm64, id:3F67C585-087A-49E0-B096-E7962EE581DC, OS:26.4.1, name:iPad Pro 11-inch (M5) }
		{ platform:iOS Simulator, arch:arm64, id:CE84CFC1-390A-465E-B944-A5F59B168C6E, OS:26.4.1, name:iPad Pro 13-inch (M5) }
		{ platform:iOS Simulator, arch:arm64, id:216FCFCE-00A4-40EC-AD34-7CEAA9C71EDE, OS:26.4.1, name:iPad mini (A17 Pro) }
		{ platform:iOS Simulator, arch:arm64, id:6E8AD098-EC11-4BF3-821B-504B61838B97, OS:26.4.1, name:iPhone 13 Pro Max }
		{ platform:iOS Simulator, arch:arm64, id:70F41584-9E9C-4C41-80A5-727A28999D75, OS:26.4.1, name:iPhone 17 }
		{ platform:iOS Simulator, arch:arm64, id:ECA196FF-3553-4BF4-83B0-79426CA36B44, OS:26.4.1, name:iPhone 17 Pro }
		{ platform:iOS Simulator, arch:arm64, id:93EBF762-CF74-4A60-A7F2-660C95B24CA5, OS:26.4.1, name:iPhone 17 Pro Max }
		{ platform:iOS Simulator, arch:arm64, id:03D40B88-E330-4445-BA2D-0B98B5BB82D6, OS:26.4.1, name:iPhone 17e }
		{ platform:iOS Simulator, arch:arm64, id:56A44BA4-1650-4136-BE1B-9FAD04F80835, OS:26.4.1, name:iPhone Air }
